******************************************************************************
                  TI ARM Linker Unix v20.2.5                   
******************************************************************************
>> Linked Thu Dec 14 09:54:21 2023

OUTPUT FILE NAME:   <Droid_Core.out>
ENTRY POINT SYMBOL: "_c_int00_noargs"  address: 00003fc1


MEMORY CONFIGURATION

         name            origin    length      used     unused   attr    fill
----------------------  --------  ---------  --------  --------  ----  --------
  FLASH                 00000000   00040000  00004584  0003ba7c  R  X
  SRAM                  20000000   00008000  00001c04  000063fc  RW X


SEGMENT ALLOCATION MAP

run origin  load origin   length   init length attrs members
----------  ----------- ---------- ----------- ----- -------
00000000    00000000    00004588   00004588    r-x
  00000000    00000000    0000026c   0000026c    r-- .intvecs
  0000026c    0000026c    000040f8   000040f8    r-x .text
  00004364    00004364    00000188   00000188    r-- .const
  000044f0    000044f0    00000098   00000098    r-- .cinit
20000000    20000000    00001c04   00000000    rw-
  20000000    20000000    00001000   00000000    rw- .sysmem
  20001000    20001000    00000800   00000000    rw- .stack
  20001800    20001800    00000200   00000000    rw- .bss
  20001a00    20001a00    00000204   00000000    rw- .data


SECTION ALLOCATION MAP

 output                                  attributes/
section   page    origin      length       input sections
--------  ----  ----------  ----------   ----------------
.intvecs   0    00000000    0000026c     
                  00000000    0000026c     startup_ccs.obj (.intvecs)

.text      0    0000026c    000040f8     
                  0000026c    00000a4e     rtsv7M4_T_le_v4SPD16_eabi.lib : _printfi.c.obj (.text:__TI_printfi)
                  00000cba    00000002     startup_ccs.obj (.text:FaultISR)
                  00000cbc    000003c4     rtsv7M4_T_le_v4SPD16_eabi.lib : e_log.c.obj (.text:log)
                  00001080    00000270                                   : _printfi.c.obj (.text:_pconv_a)
                  000012f0    000001ee     uartstdio.obj (.text:UARTvprintf)
                  000014de    00000002     startup_ccs.obj (.text:IntDefaultHandler)
                  000014e0    000001d0     rtsv7M4_T_le_v4SPD16_eabi.lib : _printfi.c.obj (.text:_pconv_g)
                  000016b0    000001b6                                   : fd_add_t2.asm.obj (.text)
                  00001866    00000002     startup_ccs.obj (.text:NmiSR)
                  00001868    0000016c     driverlib.lib : gpio.obj (.text:GPIOPadConfigSet)
                  000019d4    0000014c     rtsv7M4_T_le_v4SPD16_eabi.lib : vla_alloc.c.obj (.text:__vla_alloc)
                  00001b20    0000013c                                   : _printfi.c.obj (.text:_pconv_e)
                  00001c5c    00000136                                   : fd_div_t2.asm.obj (.text)
                  00001d92    00000002                                   : _lock.c.obj (.text:_nop)
                  00001d94    00000124                                   : _printfi.c.obj (.text:fcvt)
                  00001eb8    00000120     timers.obj (.text:MeasureTemp)
                  00001fd8    00000118     driverlib.lib : sysctl.obj (.text:SysCtlClockGet)
                  000020f0    00000114     timers.obj (.text:Timer0IntHandler)
                  00002204    00000114     rtsv7M4_T_le_v4SPD16_eabi.lib : fputs.c.obj (.text:fputs)
                  00002318    00000110                                   : s_scalbn.c.obj (.text:scalbn)
                  00002428    00000100                                   : memory.c.obj (.text:aligned_alloc)
                  00002528    000000fc                                   : fd_mul_t2.asm.obj (.text)
                  00002624    000000f4     pid.obj (.text:pid_update)
                  00002718    000000e4     rtsv7M4_T_le_v4SPD16_eabi.lib : memory.c.obj (.text:free)
                  000027fc    000000e4                                   : memory.c.obj (.text:realloc)
                  000028e0    000000dc                                   : setvbuf.c.obj (.text:setvbuf)
                  000029bc    000000c4     filters.obj (.text:SmoothData)
                  00002a80    000000b1     rtsv7M4_T_le_v4SPD16_eabi.lib : _printfi.c.obj (.text:_ltostr)
                  00002b31    00000001     --HOLE-- [fill = 0]
                  00002b32    00000002                                   : div0.asm.obj (.text)
                  00002b34    000000a4     timers.obj (.text:ConfigurePWM)
                  00002bd8    0000009c     rtsv7M4_T_le_v4SPD16_eabi.lib : memcpy_t2.asm.obj (.text)
                  00002c74    00000096                                   : ull_div_t2.asm.obj (.text)
                  00002d0a    00000002     --HOLE-- [fill = 0]
                  00002d0c    00000094     timers.obj (.text:measureADC)
                  00002da0    0000008c     rtsv7M4_T_le_v4SPD16_eabi.lib : fputc.c.obj (.text:fputc)
                  00002e2c    00000086                                   : fd_cmp_t2.asm.obj (.text:__aeabi_cdcmple)
                  00002eb2    00000086                                   : fd_cmp_t2.asm.obj (.text:__aeabi_cdrcmple)
                  00002f38    00000084     timers.obj (.text:ConfigureTimer)
                  00002fbc    0000007a     driverlib.lib : adc.obj (.text:ADCSequenceStepConfigure)
                  00003036    0000007a     rtsv7M4_T_le_v4SPD16_eabi.lib : memset_t2.asm.obj (.text)
                  000030b0    00000078     timers.obj (.text:ConfigureADC_PD)
                  00003128    00000078     rtsv7M4_T_le_v4SPD16_eabi.lib : vla_alloc.c.obj (.text:_ZN33_INTERNAL_11_vla_alloc_c_be8bd49b21free_dead_allocationsEPv)
                  000031a0    00000078     timers.obj (.text:setPWM)
                  00003218    00000074     rtsv7M4_T_le_v4SPD16_eabi.lib : fclose.c.obj (.text:__TI_closefile)
                  0000328c    00000070                                   : vla_alloc.c.obj (.text:__vla_dealloc)
                  000032fc    00000070                                   : memory.c.obj (.text:split)
                  0000336c    0000006e                                   : _printfi.c.obj (.text:_mcpy)
                  000033da    0000006e                                   : fd_tos_t2.asm.obj (.text)
                  00003448    0000006c                                   : hostrename.c.obj (.text:HOSTrename)
                  000034b4    00000068                                   : hostlseek.c.obj (.text:HOSTlseek)
                  0000351c    00000068                                   : copy_decompress_lzss.c.obj (.text:decompress:lzss:__TI_decompress_lzss)
                  00003584    00000068                                   : printf.c.obj (.text:printf)
                  000035ec    00000064     timers.obj (.text:ConfigureUART)
                  00003650    00000064     rtsv7M4_T_le_v4SPD16_eabi.lib : s_frexp.c.obj (.text:frexp)
                  000036b4    00000064                                   : fseek.c.obj (.text:fseek)
                  00003718    00000062                                   : _io_perm.c.obj (.text:__TI_wrt_ok)
                  0000377a    00000002     --HOLE-- [fill = 0]
                  0000377c    00000060     timers.obj (.text:ConfigureADC)
                  000037dc    00000060     rtsv7M4_T_le_v4SPD16_eabi.lib : hostopen.c.obj (.text:HOSTopen)
                  0000383c    00000060     uartstdio.obj (.text:UARTStdioConfig)
                  0000389c    0000005c     rtsv7M4_T_le_v4SPD16_eabi.lib : close.c.obj (.text:close)
                  000038f8    00000058                                   : hostread.c.obj (.text:HOSTread)
                  00003950    00000058                                   : hostwrite.c.obj (.text:HOSTwrite)
                  000039a8    00000056                                   : _printfi.c.obj (.text:_pconv_f)
                  000039fe    00000054                                   : _ltoa.c.obj (.text:__TI_ltoa)
                  00003a52    00000052                                   : _printfi.c.obj (.text:_ecpy)
                  00003aa4    00000050     uartstdio.obj (.text:UARTwrite)
                  00003af4    0000004e     driverlib.lib : adc.obj (.text:ADCSequenceConfigure)
                  00003b42    0000004c     rtsv7M4_T_le_v4SPD16_eabi.lib : fflush.c.obj (.text:__TI_doflush)
                  00003b8e    00000002     --HOLE-- [fill = 0]
                  00003b90    0000004c                                   : atoi.c.obj (.text:atoi)
                  00003bdc    00000048                                   : exit.c.obj (.text:exit)
                  00003c24    00000048     timers.obj (.text:initPID)
                  00003c6c    00000048     rtsv7M4_T_le_v4SPD16_eabi.lib : fd_toi_t2.asm.obj (.text)
                  00003cb4    00000044                                   : hostclose.c.obj (.text:HOSTclose)
                  00003cf8    00000044                                   : hostunlink.c.obj (.text:HOSTunlink)
                  00003d3c    00000044                                   : autoinit.c.obj (.text:__TI_auto_init_nobinit_nopinit:__TI_auto_init_nobinit_nopinit)
                  00003d80    00000044                                   : getdevice.c.obj (.text:getdevice)
                  00003dc4    00000040                                   : u_divt2.asm.obj (.text)
                  00003e04    0000003e                                   : _printfi.c.obj (.text:_fcpy)
                  00003e42    00000002     --HOLE-- [fill = 0]
                  00003e44    00000038                                   : trgmsg.c.obj (.text:__TI_writemsg)
                  00003e7c    00000038     timers.obj (.text:main)
                  00003eb4    00000038     rtsv7M4_T_le_v4SPD16_eabi.lib : fs_tod_t2.asm.obj (.text)
                  00003eec    00000036                                   : strncpy.c.obj (.text:strncpy)
                  00003f22    00000002     --HOLE-- [fill = 0]
                  00003f24    00000034     driverlib.lib : sysctl.obj (.text:SysCtlPeripheralEnable)
                  00003f58    00000034     rtsv7M4_T_le_v4SPD16_eabi.lib : fopen.c.obj (.text:__TI_cleanup)
                  00003f8c    00000034                                   : trgmsg.c.obj (.text:__TI_readmsg)
                  00003fc0    00000034                                   : boot_cortex_m.c.obj (.text:_c_int00_noargs:_c_int00_noargs)
                  00003ff4    00000030                                   : getdevice.c.obj (.text:finddevice)
                  00004024    0000002e     driverlib.lib : adc.obj (.text:ADCIntStatus)
                  00004052    0000002e     rtsv7M4_T_le_v4SPD16_eabi.lib : i_tofd_t2.asm.obj (.text)
                  00004080    0000002c     driverlib.lib : gpio.obj (.text:GPIODirModeSet)
                  000040ac    0000002c     rtsv7M4_T_le_v4SPD16_eabi.lib : unlink.c.obj (.text:unlink)
                  000040d8    00000028                                   : memory.c.obj (.text:free_list_insert)
                  00004100    00000028                                   : lseek.c.obj (.text:lseek)
                  00004128    00000028                                   : write.c.obj (.text:write)
                  00004150    00000020                                   : memchr.c.obj (.text:memchr)
                  00004170    00000020     pid.obj (.text:pid_init)
                  00004190    00000020     rtsv7M4_T_le_v4SPD16_eabi.lib : u_tofd_t2.asm.obj (.text)
                  000041b0    0000001e     driverlib.lib : adc.obj (.text:ADCSequenceDataGet)
                  000041ce    0000001c     rtsv7M4_T_le_v4SPD16_eabi.lib : copy_zero_init.c.obj (.text:decompress:ZI:__TI_zero_init_nomemset:__TI_zero_init_nomemset)
                  000041ea    00000002     --HOLE-- [fill = 0]
                  000041ec    0000001c                                   : memory.c.obj (.text:free_list_remove)
                  00004208    0000001c                                   : memccpy.c.obj (.text:memccpy)
                  00004224    0000001a     uartstdio.obj (.text:UARTprintf)
                  0000423e    0000001a     rtsv7M4_T_le_v4SPD16_eabi.lib : s_copysign.c.obj (.text:copysign)
                  00004258    00000018     driverlib.lib : adc.obj (.text:ADCProcessorTrigger)
                  00004270    00000018     rtsv7M4_T_le_v4SPD16_eabi.lib : strcmp.c.obj (.text:strcmp)
                  00004288    00000016     driverlib.lib : gpio.obj (.text:GPIOPinTypeADC)
                  0000429e    00000016     rtsv7M4_T_le_v4SPD16_eabi.lib : strchr.c.obj (.text:strchr)
                  000042b4    00000014                                   : strcpy.c.obj (.text:strcpy)
                  000042c8    00000014                                   : strlen.c.obj (.text:strlen)
                  000042dc    00000012                                   : wcslen.c.obj (.text:wcslen)
                  000042ee    00000002     --HOLE-- [fill = 0]
                  000042f0    00000010     driverlib.lib : fpu.obj (.text:FPUEnable)
                  00004300    0000000e                   : adc.obj (.text:ADCSequenceEnable)
                  0000430e    0000000e     rtsv7M4_T_le_v4SPD16_eabi.lib : copy_decompress_none.c.obj (.text:decompress:none:__TI_decompress_none)
                  0000431c    0000000a     driverlib.lib : adc.obj (.text:ADCIntClear)
                  00004326    00000002     --HOLE-- [fill = 0]
                  00004328    00000008     rtsv7M4_T_le_v4SPD16_eabi.lib : errno.c.obj (.text:__aeabi_errno_addr)
                  00004330    00000008                                   : memory.c.obj (.text:malloc)
                  00004338    00000006     driverlib.lib : gpio.obj (.text:GPIOPinWrite)
                  0000433e    00000006     startup_ccs.obj (.text:ResetISR)
                  00004344    00000006     driverlib.lib : sysctl.obj (.text:SysCtlDelay)
                  0000434a    00000006                   : uart.obj (.text:UARTClockSourceSet)
                  00004350    00000004     rtsv7M4_T_le_v4SPD16_eabi.lib : error.c.obj (.text:__abort_execution)
                  00004354    00000004                                   : printf.c.obj (.text:_outc)
                  00004358    00000004                                   : printf.c.obj (.text:_outs)
                  0000435c    00000004                                   : pre_init.c.obj (.text:_system_pre_init)
                  00004360    00000004                                   : exit.c.obj (.text:abort:abort)

.const     0    00004364    00000188     
                  00004364    00000101     rtsv7M4_T_le_v4SPD16_eabi.lib : ctype.c.obj (.const:.string:_ctypes_)
                  00004465    00000003     --HOLE-- [fill = 0]
                  00004468    0000006c     driverlib.lib : sysctl.obj (.const:g_pui32Xtals)
                  000044d4    0000000c     uartstdio.obj (.const:g_ui32UARTBase)
                  000044e0    0000000c     uartstdio.obj (.const:g_ui32UARTPeriph)

.cinit     0    000044f0    00000098     
                  000044f0    0000006d     (.cinit..data.load) [load image, compression = lzss]
                  0000455d    00000003     --HOLE-- [fill = 0]
                  00004560    0000000c     (__TI_handler_table)
                  0000456c    00000004     --HOLE-- [fill = 0]
                  00004570    00000008     (.cinit..bss.load) [load image, compression = zero_init]
                  00004578    00000010     (__TI_cinit_table)

.init_array 
*          0    00000000    00000000     UNINITIALIZED

.sysmem    0    20000000    00001000     UNINITIALIZED
                  20000000    00000010     rtsv7M4_T_le_v4SPD16_eabi.lib : memory.c.obj (.sysmem)
                  20000010    00000ff0     --HOLE--

.stack     0    20001000    00000800     UNINITIALIZED
                  20001000    00000004     rtsv7M4_T_le_v4SPD16_eabi.lib : boot_cortex_m.c.obj (.stack)
                  20001004    000007fc     --HOLE--

.bss       0    20001800    00000200     UNINITIALIZED
                  20001800    00000120     rtsv7M4_T_le_v4SPD16_eabi.lib : trgmsg.c.obj (.bss:_CIOBUF_)
                  20001920    000000a0     (.common:__TI_tmpnams)
                  200019c0    00000030     (.common:pid)
                  200019f0    00000008     (.common:parmbuf)
                  200019f8    00000004     (.common:g_ui32Flags)
                  200019fc    00000004     (.common:g_ui32PWMIncrement)

.data      0    20001a00    00000204     UNINITIALIZED
                  20001a00    000000f0     rtsv7M4_T_le_v4SPD16_eabi.lib : defs.c.obj (.data:_ftable)
                  20001af0    00000078                                   : host_device.c.obj (.data:_device)
                  20001b68    00000050                                   : host_device.c.obj (.data:_stream)
                  20001bb8    00000010                                   : defs.c.obj (.data)
                  20001bc8    0000000d     timers.obj (.data)
                  20001bd5    00000003     --HOLE--
                  20001bd8    0000000c     rtsv7M4_T_le_v4SPD16_eabi.lib : exit.c.obj (.data:$O1$$)
                  20001be4    00000008                                   : _lock.c.obj (.data:$O1$$)
                  20001bec    00000008                                   : memory.c.obj (.data:$O1$$)
                  20001bf4    00000005     uartstdio.obj (.data)
                  20001bf9    00000003     --HOLE--
                  20001bfc    00000004     rtsv7M4_T_le_v4SPD16_eabi.lib : errno.c.obj (.data)
                  20001c00    00000004                                   : vla_alloc.c.obj (.data)

__llvm_prf_cnts 
*          0    20000000    00000000     UNINITIALIZED

.binit     0    00000000    00000000     

MODULE SUMMARY

       Module                       code    ro data   rw data
       ------                       ----    -------   -------
    ./
       timers.obj                   1572    0         69     
       startup_ccs.obj              12      620       0      
       pid.obj                      276     0         0      
       filters.obj                  196     0         0      
    +--+----------------------------+-------+---------+---------+
       Total:                       2056    620       69     
                                                             
    ./utils/
       uartstdio.obj                696     24        5      
    +--+----------------------------+-------+---------+---------+
       Total:                       696     24        5      
                                                             
    /home/marina/ti/TivaWare_C_Series-2.2.0.295/driverlib/ccs/Debug/driverlib.lib
       sysctl.obj                   338     108       0      
       gpio.obj                     436     0         0      
       adc.obj                      324     0         0      
       fpu.obj                      16      0         0      
       uart.obj                     6       0         0      
    +--+----------------------------+-------+---------+---------+
       Total:                       1120    108       0      
                                                             
    /home/marina/ti/ccs1120/ccs/tools/compiler/ti-cgt-arm_20.2.5.LTS/lib/rtsv7M4_T_le_v4SPD16_eabi.lib
       _printfi.c.obj               4851    0         0      
       e_log.c.obj                  964     0         0      
       memory.c.obj                 900     0         8      
       vla_alloc.c.obj              564     0         4      
       fd_add_t2.asm.obj            438     0         0      
       defs.c.obj                   0       0         416    
       trgmsg.c.obj                 108     0         288    
       fd_div_t2.asm.obj            310     0         0      
       fputs.c.obj                  276     0         0      
       s_scalbn.c.obj               272     0         0      
       fd_cmp_t2.asm.obj            268     0         0      
       ctype.c.obj                  0       257       0      
       fd_mul_t2.asm.obj            252     0         0      
       setvbuf.c.obj                220     0         0      
       host_device.c.obj            0       0         200    
       memcpy_t2.asm.obj            156     0         0      
       ull_div_t2.asm.obj           150     0         0      
       fputc.c.obj                  140     0         0      
       memset_t2.asm.obj            122     0         0      
       fclose.c.obj                 116     0         0      
       getdevice.c.obj              116     0         0      
       printf.c.obj                 112     0         0      
       fd_tos_t2.asm.obj            110     0         0      
       hostrename.c.obj             108     0         0      
       copy_decompress_lzss.c.obj   104     0         0      
       hostlseek.c.obj              104     0         0      
       hostopen.c.obj               96      0         8      
       fseek.c.obj                  100     0         0      
       s_frexp.c.obj                100     0         0      
       _io_perm.c.obj               98      0         0      
       close.c.obj                  92      0         0      
       exit.c.obj                   76      0         12     
       hostread.c.obj               88      0         0      
       hostwrite.c.obj              88      0         0      
       _ltoa.c.obj                  84      0         0      
       atoi.c.obj                   76      0         0      
       fflush.c.obj                 76      0         0      
       fd_toi_t2.asm.obj            72      0         0      
       autoinit.c.obj               68      0         0      
       hostclose.c.obj              68      0         0      
       hostunlink.c.obj             68      0         0      
       u_divt2.asm.obj              64      0         0      
       fs_tod_t2.asm.obj            56      0         0      
       strncpy.c.obj                54      0         0      
       boot_cortex_m.c.obj          52      0         0      
       fopen.c.obj                  52      0         0      
       i_tofd_t2.asm.obj            46      0         0      
       unlink.c.obj                 44      0         0      
       lseek.c.obj                  40      0         0      
       write.c.obj                  40      0         0      
       memchr.c.obj                 32      0         0      
       u_tofd_t2.asm.obj            32      0         0      
       copy_zero_init.c.obj         28      0         0      
       memccpy.c.obj                28      0         0      
       s_copysign.c.obj             26      0         0      
       strcmp.c.obj                 24      0         0      
       strchr.c.obj                 22      0         0      
       strcpy.c.obj                 20      0         0      
       strlen.c.obj                 20      0         0      
       wcslen.c.obj                 18      0         0      
       copy_decompress_none.c.obj   14      0         0      
       errno.c.obj                  8       0         4      
       _lock.c.obj                  2       0         8      
       error.c.obj                  4       0         0      
       pre_init.c.obj               4       0         0      
       div0.asm.obj                 2       0         0      
    +--+----------------------------+-------+---------+---------+
       Total:                       12743   257       948    
                                                             
       Heap:                        0       0         4096   
       Stack:                       0       0         2048   
       Linker Generated:            0       145       0      
    +--+----------------------------+-------+---------+---------+
       Grand Total:                 16615   1154      7166   


LINKER GENERATED COPY TABLES

__TI_cinit_table @ 00004578 records: 2, size/record: 8, table size: 16
	.data: load addr=000044f0, load size=0000006d bytes, run addr=20001a00, run size=00000204 bytes, compression=lzss
	.bss: load addr=00004570, load size=00000008 bytes, run addr=20001800, run size=00000200 bytes, compression=zero_init


LINKER GENERATED HANDLER TABLE

__TI_handler_table @ 00004560 records: 3, size/record: 4, table size: 12
	index: 0, handler: __TI_decompress_lzss
	index: 1, handler: __TI_decompress_none
	index: 2, handler: __TI_zero_init


GLOBAL SYMBOLS: SORTED ALPHABETICALLY BY Name 

address   name                           
-------   ----                           
0000431d  ADCIntClear                    
00004025  ADCIntStatus                   
00004259  ADCProcessorTrigger            
00003af5  ADCSequenceConfigure           
000041b1  ADCSequenceDataGet             
00004301  ADCSequenceEnable              
00002fbd  ADCSequenceStepConfigure       
00004361  C$$EXIT                        
00003e73  C$$IO$$                        
0000377d  ConfigureADC                   
000030b1  ConfigureADC_PD                
00002b35  ConfigurePWM                   
00002f39  ConfigureTimer                 
000035ed  ConfigureUART                  
000042f1  FPUEnable                      
00004081  GPIODirModeSet                 
00001869  GPIOPadConfigSet               
00004289  GPIOPinTypeADC                 
00004339  GPIOPinWrite                   
00003cb5  HOSTclose                      
000034b5  HOSTlseek                      
000037dd  HOSTopen                       
000038f9  HOSTread                       
00003449  HOSTrename                     
00003cf9  HOSTunlink                     
00003951  HOSTwrite                      
00001eb9  MeasureTemp                    
20001bd0  PIDfirst_time                  
0000433f  ResetISR                       
000029bd  SmoothData                     
00001fd9  SysCtlClockGet                 
00004345  SysCtlDelay                    
00003f25  SysCtlPeripheralEnable         
000020f1  Timer0IntHandler               
0000434b  UARTClockSourceSet             
0000383d  UARTStdioConfig                
00004225  UARTprintf                     
000012f1  UARTvprintf                    
00003aa5  UARTwrite                      
20001800  __CIOBUF_                      
20001800  __STACK_END                    
00000800  __STACK_SIZE                   
20001100  __STACK_TOP                    
00001000  __SYSMEM_SIZE                  
00004578  __TI_CINIT_Base                
00004588  __TI_CINIT_Limit               
00004560  __TI_Handler_Table_Base        
0000456c  __TI_Handler_Table_Limit       
00003d3d  __TI_auto_init_nobinit_nopinit 
00003f59  __TI_cleanup                   
20001bd8  __TI_cleanup_ptr               
00003219  __TI_closefile                 
0000351d  __TI_decompress_lzss           
0000430f  __TI_decompress_none           
00003b43  __TI_doflush                   
20001bdc  __TI_dtors_ptr                 
20001be0  __TI_enable_exit_profile_output
20001bb8  __TI_ft_end                    
000039ff  __TI_ltoa                      
ffffffff  __TI_pprof_out_hndl            
0000026d  __TI_printfi                   
ffffffff  __TI_prof_data_size            
ffffffff  __TI_prof_data_start           
00003f8d  __TI_readmsg                   
00000000  __TI_static_base__             
20001920  __TI_tmpnams                   
00003e45  __TI_writemsg                  
00003719  __TI_wrt_ok                    
000041cf  __TI_zero_init_nomemset        
00004351  __abort_execution              
00002e2d  __aeabi_cdcmpeq                
00002e2d  __aeabi_cdcmple                
00002eb3  __aeabi_cdrcmple               
000033db  __aeabi_d2f                    
00003c6d  __aeabi_d2iz                   
000016bb  __aeabi_dadd                   
00001c5d  __aeabi_ddiv                   
00002529  __aeabi_dmul                   
000016b1  __aeabi_dsub                   
00004329  __aeabi_errno_addr             
00003eb5  __aeabi_f2d                    
00004053  __aeabi_i2d                    
00002b33  __aeabi_idiv0                  
00002b33  __aeabi_ldiv0                  
00003037  __aeabi_memclr                 
00003037  __aeabi_memclr4                
00003037  __aeabi_memclr8                
00002bd9  __aeabi_memcpy                 
00002bd9  __aeabi_memcpy4                
00002bd9  __aeabi_memcpy8                
00003039  __aeabi_memset                 
00003039  __aeabi_memset4                
00003039  __aeabi_memset8                
20001bc4  __aeabi_stderr                 
20001bbc  __aeabi_stdin                  
20001bc0  __aeabi_stdout                 
00004191  __aeabi_ui2d                   
00003dc5  __aeabi_uidiv                  
00003dc5  __aeabi_uidivmod               
00002c75  __aeabi_uldivmod               
ffffffff  __binit__                      
ffffffff  __c_args__                     
UNDEFED   __mpu_init                     
20001000  __stack                        
20000000  __start___llvm_prf_cnts        
20000000  __stop___llvm_prf_cnts         
000019d5  __vla_alloc                    
0000328d  __vla_dealloc                  
00003fc1  _c_int00_noargs                
00004364  _ctypes_                       
20001af0  _device                        
20001a00  _ftable                        
20001be4  _lock                          
00001d93  _nop                           
20001b68  _stream                        
20000000  _sys_memory                    
UNDEFED   _system_post_cinit             
0000435d  _system_pre_init               
20001be8  _unlock                        
00004361  abort                          
00002429  aligned_alloc                  
00003b91  atoi                           
ffffffff  binit                          
0000389d  close                          
0000423f  copysign                       
0000423f  copysignl                      
20001bfc  errno                          
00003bdd  exit                           
00003ff5  finddevice                     
20001bd2  flagPID                        
00002da1  fputc                          
00002205  fputs                          
00002719  free                           
00003651  frexp                          
00003651  frexpl                         
000036b5  fseek                          
00000000  g_pfnVectors                   
200019f8  g_ui32Flags                    
200019fc  g_ui32PWMIncrement             
00003d81  getdevice                      
20001bd4  goPD                           
20001bcc  heater_PWM_lastone             
00003c25  initPID                        
00002319  ldexp                          
00002319  ldexpl                         
00000cbd  log                            
00000cbd  logl                           
00004101  lseek                          
00003e7d  main                           
00004331  malloc                         
00002d0d  measureADC                     
00002429  memalign                       
00004209  memccpy                        
00004151  memchr                         
00002bd9  memcpy                         
0000303f  memset                         
200019f0  parmbuf                        
200019c0  pid                            
00004171  pid_init                       
00002625  pid_update                     
00003585  printf                         
00002da1  putc                           
000027fd  realloc                        
000040ad  remove                         
00002319  scalbn                         
00002319  scalbnl                        
000031a1  setPWM                         
20001bc8  setPoint                       
000028e1  setvbuf                        
0000429f  strchr                         
00004271  strcmp                         
000042b5  strcpy                         
000042c9  strlen                         
00003eed  strncpy                        
000040ad  unlink                         
000042dd  wcslen                         
00004129  write                          


GLOBAL SYMBOLS: SORTED BY Symbol Address 

address   name                           
-------   ----                           
00000000  __TI_static_base__             
00000000  g_pfnVectors                   
0000026d  __TI_printfi                   
00000800  __STACK_SIZE                   
00000cbd  log                            
00000cbd  logl                           
00001000  __SYSMEM_SIZE                  
000012f1  UARTvprintf                    
000016b1  __aeabi_dsub                   
000016bb  __aeabi_dadd                   
00001869  GPIOPadConfigSet               
000019d5  __vla_alloc                    
00001c5d  __aeabi_ddiv                   
00001d93  _nop                           
00001eb9  MeasureTemp                    
00001fd9  SysCtlClockGet                 
000020f1  Timer0IntHandler               
00002205  fputs                          
00002319  ldexp                          
00002319  ldexpl                         
00002319  scalbn                         
00002319  scalbnl                        
00002429  aligned_alloc                  
00002429  memalign                       
00002529  __aeabi_dmul                   
00002625  pid_update                     
00002719  free                           
000027fd  realloc                        
000028e1  setvbuf                        
000029bd  SmoothData                     
00002b33  __aeabi_idiv0                  
00002b33  __aeabi_ldiv0                  
00002b35  ConfigurePWM                   
00002bd9  __aeabi_memcpy                 
00002bd9  __aeabi_memcpy4                
00002bd9  __aeabi_memcpy8                
00002bd9  memcpy                         
00002c75  __aeabi_uldivmod               
00002d0d  measureADC                     
00002da1  fputc                          
00002da1  putc                           
00002e2d  __aeabi_cdcmpeq                
00002e2d  __aeabi_cdcmple                
00002eb3  __aeabi_cdrcmple               
00002f39  ConfigureTimer                 
00002fbd  ADCSequenceStepConfigure       
00003037  __aeabi_memclr                 
00003037  __aeabi_memclr4                
00003037  __aeabi_memclr8                
00003039  __aeabi_memset                 
00003039  __aeabi_memset4                
00003039  __aeabi_memset8                
0000303f  memset                         
000030b1  ConfigureADC_PD                
000031a1  setPWM                         
00003219  __TI_closefile                 
0000328d  __vla_dealloc                  
000033db  __aeabi_d2f                    
00003449  HOSTrename                     
000034b5  HOSTlseek                      
0000351d  __TI_decompress_lzss           
00003585  printf                         
000035ed  ConfigureUART                  
00003651  frexp                          
00003651  frexpl                         
000036b5  fseek                          
00003719  __TI_wrt_ok                    
0000377d  ConfigureADC                   
000037dd  HOSTopen                       
0000383d  UARTStdioConfig                
0000389d  close                          
000038f9  HOSTread                       
00003951  HOSTwrite                      
000039ff  __TI_ltoa                      
00003aa5  UARTwrite                      
00003af5  ADCSequenceConfigure           
00003b43  __TI_doflush                   
00003b91  atoi                           
00003bdd  exit                           
00003c25  initPID                        
00003c6d  __aeabi_d2iz                   
00003cb5  HOSTclose                      
00003cf9  HOSTunlink                     
00003d3d  __TI_auto_init_nobinit_nopinit 
00003d81  getdevice                      
00003dc5  __aeabi_uidiv                  
00003dc5  __aeabi_uidivmod               
00003e45  __TI_writemsg                  
00003e73  C$$IO$$                        
00003e7d  main                           
00003eb5  __aeabi_f2d                    
00003eed  strncpy                        
00003f25  SysCtlPeripheralEnable         
00003f59  __TI_cleanup                   
00003f8d  __TI_readmsg                   
00003fc1  _c_int00_noargs                
00003ff5  finddevice                     
00004025  ADCIntStatus                   
00004053  __aeabi_i2d                    
00004081  GPIODirModeSet                 
000040ad  remove                         
000040ad  unlink                         
00004101  lseek                          
00004129  write                          
00004151  memchr                         
00004171  pid_init                       
00004191  __aeabi_ui2d                   
000041b1  ADCSequenceDataGet             
000041cf  __TI_zero_init_nomemset        
00004209  memccpy                        
00004225  UARTprintf                     
0000423f  copysign                       
0000423f  copysignl                      
00004259  ADCProcessorTrigger            
00004271  strcmp                         
00004289  GPIOPinTypeADC                 
0000429f  strchr                         
000042b5  strcpy                         
000042c9  strlen                         
000042dd  wcslen                         
000042f1  FPUEnable                      
00004301  ADCSequenceEnable              
0000430f  __TI_decompress_none           
0000431d  ADCIntClear                    
00004329  __aeabi_errno_addr             
00004331  malloc                         
00004339  GPIOPinWrite                   
0000433f  ResetISR                       
00004345  SysCtlDelay                    
0000434b  UARTClockSourceSet             
00004351  __abort_execution              
0000435d  _system_pre_init               
00004361  C$$EXIT                        
00004361  abort                          
00004364  _ctypes_                       
00004560  __TI_Handler_Table_Base        
0000456c  __TI_Handler_Table_Limit       
00004578  __TI_CINIT_Base                
00004588  __TI_CINIT_Limit               
20000000  __start___llvm_prf_cnts        
20000000  __stop___llvm_prf_cnts         
20000000  _sys_memory                    
20001000  __stack                        
20001100  __STACK_TOP                    
20001800  __CIOBUF_                      
20001800  __STACK_END                    
20001920  __TI_tmpnams                   
200019c0  pid                            
200019f0  parmbuf                        
200019f8  g_ui32Flags                    
200019fc  g_ui32PWMIncrement             
20001a00  _ftable                        
20001af0  _device                        
20001b68  _stream                        
20001bb8  __TI_ft_end                    
20001bbc  __aeabi_stdin                  
20001bc0  __aeabi_stdout                 
20001bc4  __aeabi_stderr                 
20001bc8  setPoint                       
20001bcc  heater_PWM_lastone             
20001bd0  PIDfirst_time                  
20001bd2  flagPID                        
20001bd4  goPD                           
20001bd8  __TI_cleanup_ptr               
20001bdc  __TI_dtors_ptr                 
20001be0  __TI_enable_exit_profile_output
20001be4  _lock                          
20001be8  _unlock                        
20001bfc  errno                          
ffffffff  __TI_pprof_out_hndl            
ffffffff  __TI_prof_data_size            
ffffffff  __TI_prof_data_start           
ffffffff  __binit__                      
ffffffff  __c_args__                     
ffffffff  binit                          
UNDEFED   __mpu_init                     
UNDEFED   _system_post_cinit             

[177 symbols]
